mode: set
CS367-G7-FoodDelivery/internal/order/handler.go:14.37,16.2 1 1
CS367-G7-FoodDelivery/internal/order/handler.go:19.47,22.13 2 0
CS367-G7-FoodDelivery/internal/order/handler.go:22.13,25.3 2 0
CS367-G7-FoodDelivery/internal/order/handler.go:26.2,27.27 2 0
CS367-G7-FoodDelivery/internal/order/handler.go:27.27,30.3 2 0
CS367-G7-FoodDelivery/internal/order/handler.go:33.2,34.47 2 0
CS367-G7-FoodDelivery/internal/order/handler.go:34.47,37.3 2 0
CS367-G7-FoodDelivery/internal/order/handler.go:40.2,41.16 2 0
CS367-G7-FoodDelivery/internal/order/handler.go:41.16,44.3 2 0
CS367-G7-FoodDelivery/internal/order/handler.go:46.2,50.4 1 0
CS367-G7-FoodDelivery/internal/order/handler.go:54.47,57.13 2 0
CS367-G7-FoodDelivery/internal/order/handler.go:57.13,60.3 2 0
CS367-G7-FoodDelivery/internal/order/handler.go:61.2,62.27 2 0
CS367-G7-FoodDelivery/internal/order/handler.go:62.27,65.3 2 0
CS367-G7-FoodDelivery/internal/order/handler.go:68.2,69.47 2 0
CS367-G7-FoodDelivery/internal/order/handler.go:69.47,72.3 2 0
CS367-G7-FoodDelivery/internal/order/handler.go:75.2,75.69 1 0
CS367-G7-FoodDelivery/internal/order/handler.go:75.69,76.10 1 0
CS367-G7-FoodDelivery/internal/order/handler.go:77.46,78.60 1 0
CS367-G7-FoodDelivery/internal/order/handler.go:79.46,80.61 1 0
CS367-G7-FoodDelivery/internal/order/handler.go:81.67,82.71 1 0
CS367-G7-FoodDelivery/internal/order/handler.go:83.11,84.71 1 0
CS367-G7-FoodDelivery/internal/order/handler.go:86.3,86.9 1 0
CS367-G7-FoodDelivery/internal/order/handler.go:89.2,89.73 1 0
CS367-G7-FoodDelivery/internal/order/handler.go:93.48,96.16 3 1
CS367-G7-FoodDelivery/internal/order/handler.go:96.16,99.3 2 1
CS367-G7-FoodDelivery/internal/order/handler.go:100.2,101.16 2 1
CS367-G7-FoodDelivery/internal/order/handler.go:101.16,104.3 2 1
CS367-G7-FoodDelivery/internal/order/handler.go:105.2,108.4 1 1
CS367-G7-FoodDelivery/internal/order/handler.go:112.54,112.55 0 0
CS367-G7-FoodDelivery/internal/order/handler.go:115.47,123.48 3 1
CS367-G7-FoodDelivery/internal/order/handler.go:123.48,127.3 1 1
CS367-G7-FoodDelivery/internal/order/handler.go:130.2,131.16 2 1
CS367-G7-FoodDelivery/internal/order/handler.go:131.16,134.3 2 1
CS367-G7-FoodDelivery/internal/order/handler.go:136.2,138.4 1 1
CS367-G7-FoodDelivery/internal/order/handler.go:141.55,142.36 1 0
CS367-G7-FoodDelivery/internal/order/handler.go:142.36,143.34 1 0
CS367-G7-FoodDelivery/internal/order/handler.go:143.34,145.4 1 0
CS367-G7-FoodDelivery/internal/order/handler.go:147.2,147.14 1 0
CS367-G7-FoodDelivery/internal/order/repository.go:21.43,23.2 1 0
CS367-G7-FoodDelivery/internal/order/repository.go:27.95,30.16 2 0
CS367-G7-FoodDelivery/internal/order/repository.go:30.16,32.3 1 0
CS367-G7-FoodDelivery/internal/order/repository.go:33.2,33.15 1 0
CS367-G7-FoodDelivery/internal/order/repository.go:33.15,34.17 1 0
CS367-G7-FoodDelivery/internal/order/repository.go:34.17,36.4 1 0
CS367-G7-FoodDelivery/internal/order/repository.go:40.2,47.33 4 0
CS367-G7-FoodDelivery/internal/order/repository.go:47.33,54.17 4 0
CS367-G7-FoodDelivery/internal/order/repository.go:54.17,55.28 1 0
CS367-G7-FoodDelivery/internal/order/repository.go:55.28,57.5 1 0
CS367-G7-FoodDelivery/internal/order/repository.go:58.4,58.20 1 0
CS367-G7-FoodDelivery/internal/order/repository.go:60.3,60.19 1 0
CS367-G7-FoodDelivery/internal/order/repository.go:60.19,62.4 1 0
CS367-G7-FoodDelivery/internal/order/repository.go:63.3,64.38 2 0
CS367-G7-FoodDelivery/internal/order/repository.go:68.2,77.16 3 0
CS367-G7-FoodDelivery/internal/order/repository.go:77.16,79.3 1 0
CS367-G7-FoodDelivery/internal/order/repository.go:81.2,82.16 2 0
CS367-G7-FoodDelivery/internal/order/repository.go:82.16,84.3 1 0
CS367-G7-FoodDelivery/internal/order/repository.go:87.2,87.33 1 0
CS367-G7-FoodDelivery/internal/order/repository.go:87.33,93.17 3 0
CS367-G7-FoodDelivery/internal/order/repository.go:93.17,95.4 1 0
CS367-G7-FoodDelivery/internal/order/repository.go:98.2,99.16 2 0
CS367-G7-FoodDelivery/internal/order/repository.go:99.16,101.3 1 0
CS367-G7-FoodDelivery/internal/order/repository.go:103.2,103.33 1 0
CS367-G7-FoodDelivery/internal/order/repository.go:107.70,115.16 4 0
CS367-G7-FoodDelivery/internal/order/repository.go:115.16,116.27 1 0
CS367-G7-FoodDelivery/internal/order/repository.go:116.27,118.4 1 0
CS367-G7-FoodDelivery/internal/order/repository.go:119.3,119.13 1 0
CS367-G7-FoodDelivery/internal/order/repository.go:123.2,123.28 1 0
CS367-G7-FoodDelivery/internal/order/repository.go:123.28,125.3 1 0
CS367-G7-FoodDelivery/internal/order/repository.go:128.2,128.25 1 0
CS367-G7-FoodDelivery/internal/order/repository.go:128.25,130.3 1 0
CS367-G7-FoodDelivery/internal/order/repository.go:133.2,133.38 1 0
CS367-G7-FoodDelivery/internal/order/repository.go:133.38,135.3 1 0
CS367-G7-FoodDelivery/internal/order/repository.go:137.2,141.12 2 0
CS367-G7-FoodDelivery/internal/order/repository.go:143.77,145.2 1 0
CS367-G7-FoodDelivery/internal/order/repository.go:146.43,146.44 0 0
CS367-G7-FoodDelivery/internal/order/repository.go:147.69,152.2 3 0
CS367-G7-FoodDelivery/internal/order/service.go:15.42,17.2 1 1
CS367-G7-FoodDelivery/internal/order/service.go:20.92,22.2 1 0
CS367-G7-FoodDelivery/internal/order/service.go:25.67,27.2 1 0
CS367-G7-FoodDelivery/internal/order/service.go:28.74,30.2 1 1
CS367-G7-FoodDelivery/internal/order/service.go:31.40,31.41 0 0
CS367-G7-FoodDelivery/internal/order/service.go:32.66,34.2 1 1
